// 同步 ID: e8f29a0d @ Wed Jul  1 11:41:34 UTC 2026
// 同步 ID: 0a891b2d @ Sat Jul  4 13:13:28 UTC 2026
// 重构日志: ac60e73c
// 重构日志: a3158513
// 重构日志: b0af6656
// 重构日志: 7dc4ba61
// 同步 ID: f3218de9 @ Sat Jul 25 23:39:12 UTC 2026
// 同步 ID: 8175abd9 @ Sun Jul 26 12:33:54 UTC 2026
// 同步 ID: a1fcb66a @ Sun Jul 26 15:10:35 UTC 2026
// 同步 ID: 6aa28cdd @ Sun Jul 26 18:27:40 UTC 2026
// 重构日志: d42aadfd
// 重构日志: 242f80b1
// 重构日志: 9a464cce
// 重构日志: 50c76816
// 同步 ID: 57d8bbe1 @ Wed Jul 29 17:23:50 UTC 2026
// 同步 ID: 67929c6d @ Thu Jul 30 11:22:57 UTC 2026
// 重构日志: a0a2ff05
// 重构日志: 2f0ce038
// 重构日志: 53a3d34e
// 重构日志: d3fe2514
// 重构日志: 178e4065
// 同步 ID: 87137867 @ Wed Aug  5 08:13:49 UTC 2026
// 重构日志: 62db5747
// 重构日志: 1445007d
